// Jest Snapshot v1, https://goo.gl/fbAQLP

exports[`LandingPage component renders the complete form 1`] = `
<section
  className="homePage"
>
  <div
    className="firtssection"
  >
    <h3>
      What is Garage-Sales App?
    </h3>
    <p>
      Garage sales app is a tool for people who need to complete a quick sale of their house items such as sofa, tv, cell phones, and others online. It will allow to access more buyers and make good deals. 
    </p>
  </div>
  <div
    className="secondsection"
  >
    <h3>
      Why an App for Garage sales
    </h3>
    <p>
      This App responds to the need to make the neighboring sales more attractive and increase the target population. In addition, the garage sales app also responds to security needs where buyers and sellers can peacefully meet and complete their business. Please Register and then sign.
    </p>
  </div>
</section>
`;
